[fitrate.com.pl/index.html]
[backblue.gif]
[fade.gif]
[index.html]
[fitrate.com.pl/wp-content/cache/wpfc-minified/8mokwe7e/4omr.css]
[fitrate.com.pl/feed/index.html]
[fitrate.com.pl/wp-content/cache/wpfc-minified/3glsm0/4ona.css]
[fitrate.com.pl/comments/feed/index.html]
[fitrate.com.pl/wp-content/cache/wpfc-minified/m1iqq4gw/caebh.css]
[fitrate.com.pl/wp-content/uploads/elementor/css/post-256cccd.css]
[fitrate.com.pl/wp-content/cache/wpfc-minified/d7pomwh1/4omr.css]
[fitrate.com.pl/wp-content/uploads/elementor/css/post-2553c39.css]
[fitrate.com.pl/wp-content/uploads/elementor/css/post-7723c39.css]
[fitrate.com.pl/wp-content/cache/wpfc-minified/frov4tvs/4ona.css]
[fitrate.com.pl/wp-content/cache/wpfc-minified/lkwsjyb3/ab0x.css]
[fitrate.com.pl/wp-content/cache/wpfc-minified/1zzjqutn/4omr.js]
[fitrate.com.pl/wp-content/cache/wpfc-minified/f6cd0j2v/2loxo.js]
[fitrate.com.pl/wp-content/cache/wpfc-minified/2mtp2qyr/4omr.js]
[fitrate.com.pl/wp-content/cache/wpfc-minified/qiynnsfy/4omr.js]
[fitrate.com.pl/wp-json/wp/v2/pages/255.json]
[fitrate.com.pl/wp-json/index.html]
[fitrate.com.pl/xmlrpc0db0.php]
[fitrate.com.pl/wp-json/oembed/1.0/embedc8e7.json]
[fitrate.com.pl/wp-json/oembed/1.0/embede65a]
[pagead2.googlesyndication.com/pagead/js/f3317.txt]
[pagead2.googlesyndication.com/pagead/js/fcfd9.txt]
[fitrate.com.pl/wp-content/uploads/2023/08/cropped-logo-colored-new__2_-removebg-preview-—-kopia-2-1-32x32.png]
[fitrate.com.pl/wp-content/uploads/2023/08/cropped-logo-colored-new__2_-removebg-preview-—-kopia-2-1-192x192.png]
[fitrate.com.pl/wp-content/uploads/2023/08/cropped-logo-colored-new__2_-removebg-preview-—-kopia-2-1-180x180.png]
[fitrate.com.pl/wp-content/uploads/2023/08/cropped-cropped-logo-colored-new__2_-removebg-preview-90x89.png]
[fitrate.com.pl/wp-content/uploads/2023/08/Sypki-ryz-po-indyjsku_Easy-Resize.com_-1024x967.jpg]
[fitrate.com.pl/wp-content/uploads/ultimatemember/2/profile_photo-190x19040d0.jpg]
[fitrate.com.pl/wp-content/uploads/2023/08/35918f98d07afe39642fc0ba6f9949ca-lg-1.jpg]
[fitrate.com.pl/dodaj-przepis/index.html]
[fitrate.com.pl/wp-content/plugins/ultimate-member/assets/img/default_avatar.jpg]
[fitrate.com.pl/potrawy/index.html]
[fitrate.com.pl/przepisy-2/index.html]
[fitrate.com.pl/wp-content/uploads/2023/08/35918f98d07afe39642fc0ba6f9949ca-lg.jpg]
[fitrate.com.pl/owsianki/index.html]
[fitrate.com.pl/koktajle/index.html]
[fitrate.com.pl/desery/index.html]
[fitrate.com.pl/kontakt/index.html]
[fitrate.com.pl/about-2/index.html]
[fitrate.com.pl/login/index.html]
[fitrate.com.pl/kategoria/desery/index.html]
[fitrate.com.pl/register/index.html]
[fitrate.com.pl/kategoria/potrawy/index.html]
[fitrate.com.pl/przepisy/ryz-gotowany/index.html]
[fitrate.com.pl/przepisy/kura/index.html]
[fitrate.com.pl/wp-content/cache/wpfc-minified/q98brbtt/4omr.css]
[fitrate.com.pl/przepisy/piers-z-kurczaka-z-brzoskwiniami/index.html]
[fitrate.com.pl/wp-content/uploads/2023/09/avocado-copper-tray-still-life-5445123.jpg]
[fitrate.com.pl/wp-content/uploads/2023/08/cropped-cropped-logo-colored-new__2_-removebg-preview-150x150.png]
[fitrate.com.pl/wp-content/cache/wpfc-minified/ouhz58h/ab0x.css]
[w.likebtn.com/js/w/widget.js]
[fitrate.com.pl/wp-content/themes/astra/assets/js/minified/frontend.min5b31.js]
[fitrate.com.pl/wp-content/plugins/xpro-elementor-addons/assets/js/xpro-widgets8c4c.js]
[fitrate.com.pl/wp-content/plugins/wp-ulike/assets/js/wp-ulike.min1849.js]
[fitrate.com.pl/wp-content/plugins/astra-sites/inc/lib/onboarding/assets/dist/template-preview/maina11c.js]
[fitrate.com.pl/wp-includes/js/jquery/suggest.min3914.js]
[fitrate.com.pl/wp-content/plugins/wp-user-frontend/assets/js/billing-address8603.js]
[fitrate.com.pl/wp-includes/js/jquery/ui/core.minb37e.js]
[fitrate.com.pl/wp-includes/js/jquery/ui/mouse.minb37e.js]
[fitrate.com.pl/wp-includes/js/jquery/ui/sortable.minb37e.js]
[fitrate.com.pl/wp-content/plugins/wp-user-frontend/assets/js/upload.min8603.js]
[fitrate.com.pl/wp-content/plugins/wp-user-frontend/assets/js/frontend-form.min8603.js]
[fitrate.com.pl/wp-content/plugins/wp-user-frontend/assets/vendor/sweetalert2/dist/sweetalert2.mind27a.js]
[fitrate.com.pl/wp-content/plugins/wp-user-frontend/assets/js/subscriptions8603.js]
[fitrate.com.pl/wp-content/plugins/xpro-theme-builder/assets/js/xpro-theme-builder1efe.js]
[fitrate.com.pl/wp-content/plugins/master-addons/assets/js/pluginsce91.js]
[fitrate.com.pl/wp-content/plugins/master-addons/assets/js/master-addons-scriptsce91.js]
[fitrate.com.pl/wp-includes/js/wp-util.min0899.js]
[fitrate.com.pl/wp-content/plugins/ultimate-member/assets/libs/tipsy/tipsy.mina677.js]
[fitrate.com.pl/wp-content/plugins/ultimate-member/assets/libs/um-confirm/um-confirm.min5152.js]
[fitrate.com.pl/wp-content/plugins/ultimate-member/assets/libs/pickadate/picker.min822f.js]
[fitrate.com.pl/wp-content/plugins/ultimate-member/assets/libs/pickadate/picker.date.min822f.js]
[fitrate.com.pl/wp-content/plugins/ultimate-member/assets/libs/pickadate/picker.time.min822f.js]
[fitrate.com.pl/wp-content/plugins/ultimate-member/assets/libs/pickadate/translations/pl_PL.min822f.js]
[fitrate.com.pl/wp-content/plugins/ultimate-member/assets/js/common.mind2b8.js]
[fitrate.com.pl/wp-content/plugins/ultimate-member/assets/libs/cropper/cropper.min51a2.js]
[fitrate.com.pl/wp-content/plugins/ultimate-member/assets/js/common-frontend.mind2b8.js]
[fitrate.com.pl/wp-content/plugins/ultimate-member/assets/js/um-modal.mind2b8.js]
[fitrate.com.pl/wp-content/plugins/ultimate-member/assets/libs/jquery-form/jquery-form.mind2b8.js]
[fitrate.com.pl/wp-content/plugins/ultimate-member/assets/libs/fileupload/fileuploadd2b8.js]
[fitrate.com.pl/wp-content/plugins/ultimate-member/assets/js/um-functions.mind2b8.js]
[fitrate.com.pl/wp-content/plugins/ultimate-member/assets/js/um-responsive.mind2b8.js]
[fitrate.com.pl/wp-content/plugins/ultimate-member/assets/js/um-conditional.mind2b8.js]
[fitrate.com.pl/wp-content/plugins/ultimate-member/assets/libs/select2/select2.full.min4819.js]
[fitrate.com.pl/wp-content/plugins/ultimate-member/assets/libs/select2/i18n/pl4819.js]
[fitrate.com.pl/wp-content/plugins/ultimate-member/assets/libs/raty/um-raty.mind315.js]
[fitrate.com.pl/wp-content/plugins/ultimate-member/assets/js/um-scripts.mind2b8.js]
[fitrate.com.pl/wp-content/plugins/ultimate-member/assets/js/um-profile.mind2b8.js]
[fitrate.com.pl/wp-content/plugins/ultimate-member/assets/js/um-account.mind2b8.js]
[fitrate.com.pl/wp-content/plugins/xpro-elementor-addons/assets/vendor/js/jquery.cubeportfolio.min474a.js]
[fitrate.com.pl/wp-content/plugins/xpro-elementor-addons/assets/vendor/js/anime.min41fe.js]
[fitrate.com.pl/wp-content/plugins/xpro-elementor-addons/modules/floating-effect/js/floating-effect.min8c4c.js]
[fitrate.com.pl/wp-content/plugins/gtranslate/js/globe0899.js]
[fitrate.com.pl/wp-content/plugins/elementor/assets/js/webpack.runtime.min3cad.js]
[fitrate.com.pl/wp-content/plugins/elementor/assets/js/frontend-modules.min3cad.js]
[fitrate.com.pl/wp-content/plugins/elementor/assets/lib/waypoints/waypoints.min05da.js]
[fitrate.com.pl/wp-content/plugins/elementor/assets/js/frontend.min3cad.js]
[fitrate.com.pl/wp-content/plugins/wpforms-lite/assets/js/integrations/elementor/frontend.min8cb8.js]
[fitrate.com.pl/wp-content/plugins/xpro-elementor-addons/inc/controls/assets/js/widgetarea-editor8c4c.js]
[fitrate.com.pl/index.html]
[fitrate.com.pl/wp-content/cache/wpfc-minified/8mokwe7e/4omr.css]
[fitrate.com.pl/wp-content/plugins/xpro-elementor-addons/assets/images/spinner.gif]
[fitrate.com.pl/wp-content/cache/wpfc-minified/3glsm0/4ona.css]
[fitrate.com.pl/wp-content/plugins/wp-ulike/assets/img/svg/loader.svg]
[fitrate.com.pl/wp-content/cache/wpfc-minified/m1iqq4gw/caebh.css]
[fitrate.com.pl/wp-content/uploads/elementor/css/post-256cccd.css]
[fitrate.com.pl/wp-content/cache/wpfc-minified/d7pomwh1/4omr.css]
[fitrate.com.pl/wp-content/plugins/elementor/assets/lib/eicons/fonts/eicons8016.eot]
[fitrate.com.pl/wp-content/uploads/2023/08/Banner11-img1.jpg]
[fitrate.com.pl/wp-content/uploads/2021/05/menu-bg-1536x864.jpg]
[fitrate.com.pl/wp-content/uploads/2023/09/622a1cbe42dd8089d143d8c961f641d8-transformed_Easy-Resize.com_-1.jpg]
[fitrate.com.pl/wp-content/uploads/2023/09/a03919a5000c38eae47cdcb202e9555c-transformed_Easy-Resize.com_.jpg]
[fitrate.com.pl/wp-content/uploads/2021/05/mocktails.jpg]
[fitrate.com.pl/wp-content/uploads/2021/05/desserts.jpg]
[fitrate.com.pl/wp-content/uploads/2023/08/bg-05-free-img.jpg]
[fitrate.com.pl/wp-content/uploads/2023/10/gym_1680705663-transformed_Easy-Resize.com_.jpg]
[fitrate.com.pl/wp-content/uploads/elementor/css/post-2553c39.css]
[fitrate.com.pl/wp-content/uploads/elementor/css/post-7723c39.css]
[fitrate.com.pl/wp-content/plugins/wp-user-frontend/assets/images/wpspin_light.gif]
[fitrate.com.pl/wp-content/plugins/wp-user-frontend/assets/css/images/ui-bg_flat_75_ffffff_40x100.png]
[fitrate.com.pl/wp-content/plugins/wp-user-frontend/assets/css/images/ui-bg_diagonals-small_75_cccccc_40x40.png]
[fitrate.com.pl/wp-content/plugins/wp-user-frontend/assets/css/images/ui-bg_glass_75_e6e6e6_1x400.png]
[fitrate.com.pl/wp-content/plugins/wp-user-frontend/assets/css/images/ui-bg_glass_75_dadada_1x400.png]
[fitrate.com.pl/wp-content/plugins/wp-user-frontend/assets/css/images/ui-bg_glass_65_ffffff_1x400.png]
[fitrate.com.pl/wp-content/plugins/wp-user-frontend/assets/css/images/ui-bg_glass_55_fbf9ee_1x400.png]
[fitrate.com.pl/wp-content/plugins/wp-user-frontend/assets/css/images/ui-bg_glass_95_fef1ec_1x400.png]
[fitrate.com.pl/wp-content/plugins/wp-user-frontend/assets/css/images/ui-icons_222222_256x240.png]
[fitrate.com.pl/wp-content/plugins/wp-user-frontend/assets/css/images/ui-icons_888888_256x240.png]
[fitrate.com.pl/wp-content/plugins/wp-user-frontend/assets/css/images/ui-icons_454545_256x240.png]
[fitrate.com.pl/wp-content/plugins/wp-user-frontend/assets/css/images/ui-icons_2e83ff_256x240.png]
[fitrate.com.pl/wp-content/plugins/wp-user-frontend/assets/css/images/ui-icons_cd0a0a_256x240.png]
[fitrate.com.pl/wp-content/plugins/wp-user-frontend/assets/css/images/ui-bg_flat_0_ffffff_40x100.png]
[fitrate.com.pl/wp-content/plugins/wp-user-frontend/assets/css/images/ui-bg_flat_0_aaaaaa_40x100.png]
[fitrate.com.pl/wp-content/plugins/master-addons/assets/images/symbols.svg]
[fitrate.com.pl/wp-content/plugins/ultimate-member/assets/libs/legacy/fonticons/font/ionicons28b5.eot]
[fitrate.com.pl/wp-content/cache/wpfc-minified/frov4tvs/4ona.css]
[fitrate.com.pl/wp-content/plugins/ultimate-member/assets/libs/legacy/fonticons/font/fontawesome-webfont78ce.eot]
[fitrate.com.pl/wp-content/plugins/elementor/assets/lib/font-awesome/webfonts/fa-regular-400.eot]
[fitrate.com.pl/wp-content/cache/wpfc-minified/lkwsjyb3/ab0x.css]
[fitrate.com.pl/wp-content/cache/wpfc-minified/q7djayai/4omr.css]
[fitrate.com.pl/wp-content/cache/wpfc-minified/f477f2a0/4ona.css]
[fitrate.com.pl/wp-json/wp/v2/pages/403.json]
[fitrate.com.pl/wp-json/oembed/1.0/embedee52.json]
[fitrate.com.pl/wp-json/oembed/1.0/embedeedb]
[fitrate.com.pl/wp-content/cache/wpfc-minified/kc7naqth/4omr.css]
[fitrate.com.pl/dodaj-przepis/index.html]
[fitrate.com.pl/wp-content/uploads/elementor/css/post-444f909.css]
[fitrate.com.pl/wp-json/wp/v2/pages/444.json]
[fitrate.com.pl/wp-json/oembed/1.0/embedb22b.json]
[fitrate.com.pl/wp-json/oembed/1.0/embed8ba7]
[fitrate.com.pl/wp-content/uploads/ultimatemember/2/profile_photo-190x19066f5.jpg]
[fitrate.com.pl/przepisy-2/index.html]
[fitrate.com.pl/wp-content/cache/wpfc-minified/e4pg8rc7/87uf9.css]
[fitrate.com.pl/wp-content/uploads/elementor/css/post-9941753.css]
[fitrate.com.pl/wp-content/cache/wpfc-minified/mc2erbqn/8ecvs.css]
[fitrate.com.pl/wp-json/wp/v2/pages/994.json]
[fitrate.com.pl/wp-json/oembed/1.0/embed5a69.json]
[fitrate.com.pl/wp-json/oembed/1.0/embed39ba]
[fitrate.com.pl/potrawy/index.html]
[fitrate.com.pl/wp-content/uploads/elementor/css/post-3850fcd.css]
[fitrate.com.pl/wp-json/wp/v2/pages/385.json]
[fitrate.com.pl/wp-json/oembed/1.0/embed6435.json]
[fitrate.com.pl/wp-json/oembed/1.0/embedbec1]
[fitrate.com.pl/owsianki/index.html]
[fitrate.com.pl/wp-content/uploads/elementor/css/post-996a5b1.css]
[fitrate.com.pl/wp-json/wp/v2/pages/996.json]
[fitrate.com.pl/wp-json/oembed/1.0/embed492b.json]
[fitrate.com.pl/wp-json/oembed/1.0/embedbf30]
[fitrate.com.pl/koktajle/index.html]
[fitrate.com.pl/wp-content/uploads/elementor/css/post-998fbb7.css]
[fitrate.com.pl/wp-json/wp/v2/pages/998.json]
[fitrate.com.pl/wp-json/oembed/1.0/embed324c.json]
[fitrate.com.pl/wp-json/oembed/1.0/embed89e5]
[fitrate.com.pl/wp-content/uploads/ultimatemember/2/profile_photo-190x190dd37.jpg]
[fitrate.com.pl/desery/index.html]
[fitrate.com.pl/wp-content/uploads/elementor/css/post-105c3b5.css]
[fitrate.com.pl/wp-content/cache/wpfc-minified/eh9gxgks/8ecpp.css]
[fitrate.com.pl/wp-json/wp/v2/pages/105.json]
[fitrate.com.pl/wp-json/oembed/1.0/embeddb1d.json]
[fitrate.com.pl/wp-json/oembed/1.0/embed1e83]
[fitrate.com.pl/wp-content/uploads/2023/10/man-fitness-gym-6566251.jpg]
[fitrate.com.pl/wp-content/cache/wpfc-minified/7c78vaj1/8ecpp.css]
[fitrate.com.pl/about-2/index.html]
[fitrate.com.pl/wp-content/uploads/elementor/css/post-1077d71.css]
[fitrate.com.pl/wp-json/wp/v2/pages/107.json]
[fitrate.com.pl/wp-json/oembed/1.0/embed16d2.json]
[fitrate.com.pl/wp-json/oembed/1.0/embed4b59]
[fitrate.com.pl/wp-content/uploads/2023/09/0617ce9f175a2fed8517486c833fd704-transformed-1_Easy-Resize.com_-1069x1536.jpg]
[fitrate.com.pl/polityka-prywatnosci/index.html]
[www.google.com/recaptcha/api8c4c.js]
[fitrate.com.pl/kontakt/index.html]
[fitrate.com.pl/wp-content/uploads/elementor/css/post-4311abb.css]
[fitrate.com.pl/wp-json/wp/v2/pages/431.json]
[fitrate.com.pl/wp-json/oembed/1.0/embed0605.json]
[fitrate.com.pl/wp-json/oembed/1.0/embed88f8]
[fitrate.com.pl/wp-content/cache/wpfc-minified/20yd9v9g/4ona.css]
[fitrate.com.pl/password-reset/index.html]
[www.google.com/recaptcha/api32fb.js]
[fitrate.com.pl/wp-content/plugins/um-recaptcha/assets/js/um-recaptcha.minc0b8.js]
[fitrate.com.pl/login/index.html]
[fitrate.com.pl/wp-content/uploads/elementor/css/post-432f7d1.css]
[fitrate.com.pl/wp-json/wp/v2/pages/432.json]
[fitrate.com.pl/wp-json/oembed/1.0/embed8fd8.json]
[fitrate.com.pl/wp-json/oembed/1.0/embedd46e]
[fitrate.com.pl/register/index.html]
[fitrate.com.pl/wp-content/cache/wpfc-minified/jy0mge55/v378.css]
[fitrate.com.pl/kategoria/desery/feed/index.html]
[fitrate.com.pl/wp-json/wp/v2/categories/1.json]
[fitrate.com.pl/wp-includes/js/jquery/ui/slider.minb37e.js]
[fitrate.com.pl/wp-content/plugins/filter-everything/assets/js/jquery-ui-touch-punch/jquery-ui-touch-punch.min29af.js]
[fitrate.com.pl/kategoria/desery/index.html]
[fitrate.com.pl/wp-content/plugins/filter-everything/assets/js/filter-everything.min29af.js]
[fitrate.com.pl/kategoria/desery/indexe372.html]
[fitrate.com.pl/kategoria/desery/index3d72.html]
[fitrate.com.pl/kategoria/desery/index4d36.html]
[fitrate.com.pl/kategoria/desery/indexe53a.html]
[fitrate.com.pl/kategoria/desery/index588f.html]
[fitrate.com.pl/wp-json/wp/v2/categories/6.json]
[fitrate.com.pl/kategoria/desery/index34b5.html]
[fitrate.com.pl/kategoria/desery/indexe536.html]
[fitrate.com.pl/kategoria/desery/index4d75.html]
[fitrate.com.pl/kategoria/potrawy/index.html]
[fitrate.com.pl/kategoria/desery/index5199.html]
[fitrate.com.pl/kategoria/potrawy/feed/index.html]
[fitrate.com.pl/kategoria/potrawy/indexe372.html]
[fitrate.com.pl/kategoria/potrawy/indexe53a.html]
[fitrate.com.pl/kategoria/potrawy/index3d72.html]
[fitrate.com.pl/kategoria/potrawy/index4d36.html]
[fitrate.com.pl/wp-content/cache/wpfc-minified/7j5gjeop/4omr.css]
[fitrate.com.pl/kategoria/potrawy/index588f.html]
[fitrate.com.pl/wp-content/uploads/elementor/css/post-285d94a.css]
[fitrate.com.pl/kategoria/potrawy/indexe536.html]
[fitrate.com.pl/kategoria/potrawy/index4d75.html]
[fitrate.com.pl/kategoria/potrawy/index34b5.html]
[fitrate.com.pl/kategoria/potrawy/index5199.html]
[fitrate.com.pl/wp-content/cache/wpfc-minified/eh25m5b8/4omr.css]
[fitrate.com.pl/wp-content/cache/wpfc-minified/1b9zmzkk/4omr.css]
[fitrate.com.pl/wp-json/wp/v2/przepisy/754.json]
[fitrate.com.pl/wp-json/oembed/1.0/embede5b7.json]
[fitrate.com.pl/wp-json/oembed/1.0/embed106d]
[fitrate.com.pl/wp-content/uploads/2023/08/Sypki-ryz-po-indyjsku_Easy-Resize.com_.jpg]
[fitrate.com.pl/wp-content/uploads/ultimatemember/2/profile_photo-190x19031c4.jpg]
[fitrate.com.pl/wp-content/cache/wpfc-minified/qsmiwhja/4omr.css]
[fitrate.com.pl/wp-includes/js/comment-reply.min0899.js]
[fitrate.com.pl/przepisy/ryz-gotowany/index.html]
[fitrate.com.pl/author/braianspoko/index.html]
[fitrate.com.pl/user/braianspoko/index.html]
[fitrate.com.pl/wp-json/wp/v2/przepisy/420.json]
[fitrate.com.pl/wp-json/oembed/1.0/embed27a5.json]
[fitrate.com.pl/wp-json/oembed/1.0/embedc62b]
[fitrate.com.pl/przepisy/kura/index.html]
[fitrate.com.pl/author/braianfitrate/index.html]
[fitrate.com.pl/wp-content/uploads/ultimatemember/2/profile_photo-190x190fda8.jpg]
[fitrate.com.pl/user/braianfitrate/index.html]
[fitrate.com.pl/wp-json/wp/v2/przepisy/282.json]
[fitrate.com.pl/wp-json/oembed/1.0/embed33ec.json]
[fitrate.com.pl/wp-json/oembed/1.0/embed93bb]
[fitrate.com.pl/wp-content/uploads/ultimatemember/2/profile_photo-190x1906cbd.jpg]
[fitrate.com.pl/przepisy/piers-z-kurczaka-z-brzoskwiniami/index.html]
[fitrate.com.pl/wp-content/cache/wpfc-minified/q98brbtt/4omr.css]
[fitrate.com.pl/wp-content/cache/wpfc-minified/ouhz58h/ab0x.css]
[fitrate.com.pl/wp-content/plugins/wp-ulike/assets/img/svg/loader.svg]
[fitrate.com.pl/wp-content/plugins/master-addons/assets/images/symbols.svg]
[fitrate.com.pl/wp-content/cache/wpfc-minified/q7djayai/4omr.css]
[fitrate.com.pl/wp-content/cache/wpfc-minified/f477f2a0/4ona.css]
[fitrate.com.pl/index23ea.html]
[fitrate.com.pl/wp-content/cache/wpfc-minified/kc7naqth/4omr.css]
[fitrate.com.pl/wp-content/plugins/elementor/assets/lib/font-awesome/webfonts/fa-brands-400.eot]
[fitrate.com.pl/wp-content/uploads/2023/08/77e443ae-8581-4fdf-a76a-6ce1cb9c957a.webp]
[fitrate.com.pl/wp-content/uploads/elementor/css/post-444f909.css]
[fitrate.com.pl/indexb284.html]
[fitrate.com.pl/wp-content/cache/wpfc-minified/e4pg8rc7/87uf9.css]
[fitrate.com.pl/wp-content/uploads/2023/09/photo-1541832676-9b763b0239ab.jpg]
[fitrate.com.pl/wp-content/uploads/elementor/css/post-9941753.css]
[fitrate.com.pl/wp-content/cache/wpfc-minified/mc2erbqn/8ecvs.css]
[fitrate.com.pl/index2132.html]
[fitrate.com.pl/wp-content/plugins/elementor/assets/lib/font-awesome/webfonts/fa-solid-900.eot]
[fitrate.com.pl/wp-content/uploads/2023/08/1eec48e7-5bd7-4abc-bd21-25eabc01f09c.webp]
[fitrate.com.pl/wp-content/uploads/elementor/css/post-3850fcd.css]
[fitrate.com.pl/indexf1ac.html]
[fitrate.com.pl/wp-content/uploads/elementor/css/post-996a5b1.css]
[fitrate.com.pl/index3fd6.html]
[fitrate.com.pl/wp-content/uploads/2023/09/1b33c635-16a6-4835-9308-3515004c75fb.webp]
[fitrate.com.pl/wp-content/uploads/elementor/css/post-998fbb7.css]
[fitrate.com.pl/indexefbf.html]
[fitrate.com.pl/wp-content/uploads/2023/10/67e1e8b2adbe582550c83d96380a9e21-transformed_Easy-Resize.com_.jpg]
[fitrate.com.pl/wp-content/uploads/2023/11/moon-full-moon-sky-1859616.jpg]
[fitrate.com.pl/wp-content/uploads/2023/10/1555494992835-transformed_Easy-Resize.com_.jpg]
[fitrate.com.pl/wp-content/uploads/elementor/css/post-105c3b5.css]
[fitrate.com.pl/wp-content/plugins/master-addons/assets/fonts/simple-line-icons/Simple-Line-Iconsb26c.eot]
[fitrate.com.pl/wp-content/cache/wpfc-minified/eh9gxgks/8ecpp.css]
[fitrate.com.pl/indexea0f.html]
[fitrate.com.pl/wp-content/cache/wpfc-minified/7c78vaj1/8ecpp.css]
[fitrate.com.pl/wp-content/uploads/elementor/css/post-1077d71.css]
[fitrate.com.pl/index5a24.html]
[fitrate.com.pl/kontakt/_https_/fitrate.com.pl/polityka-prywatnosci/_span.html]
[fitrate.com.pl/wp-json/wp/v2/pages/535.json]
[fitrate.com.pl/wp-json/oembed/1.0/embedb849.json]
[fitrate.com.pl/wp-json/oembed/1.0/embedbfe6]
[fitrate.com.pl/polityka-prywatnosci/index.html]
[fitrate.com.pl/wp-content/uploads/2023/08/chuj-1.jpg]
[fitrate.com.pl/wp-content/uploads/elementor/css/post-4311abb.css]
[fitrate.com.pl/index88c3.html]
[fitrate.com.pl/wp-content/uploads/elementor/css/post-4367a5b.css]
[fitrate.com.pl/wp-json/wp/v2/pages/436.json]
[fitrate.com.pl/wp-json/oembed/1.0/embed1d7b.json]
[fitrate.com.pl/wp-json/oembed/1.0/embedc28d]
[fitrate.com.pl/password-reset/index.html]
[fitrate.com.pl/wp-content/cache/wpfc-minified/20yd9v9g/4ona.css]
[fitrate.com.pl/wp-content/uploads/elementor/css/post-432f7d1.css]
[fitrate.com.pl/indexecc4.html]
[fitrate.com.pl/wp-content/cache/wpfc-minified/jy0mge55/v378.css]
[fitrate.com.pl/kategoria/desery/indexe372.html]
[fitrate.com.pl/kategoria/desery/index3d72.html]
[fitrate.com.pl/kategoria/desery/indexe53a.html]
[fitrate.com.pl/kategoria/desery/index4d36.html]
[fitrate.com.pl/kategoria/desery/index588f.html]
[fitrate.com.pl/kategoria/desery/indexe536.html]
[fitrate.com.pl/kategoria/desery/index34b5.html]
[fitrate.com.pl/kategoria/desery/index4d75.html]
[fitrate.com.pl/kategoria/desery/index5199.html]
[fitrate.com.pl/kategoria/potrawy/indexe372.html]
[fitrate.com.pl/kategoria/potrawy/index3d72.html]
[fitrate.com.pl/kategoria/potrawy/indexe53a.html]
[fitrate.com.pl/kategoria/potrawy/index4d36.html]
[fitrate.com.pl/kategoria/potrawy/index588f.html]
[fitrate.com.pl/kategoria/potrawy/indexe536.html]
[fitrate.com.pl/kategoria/potrawy/index34b5.html]
[fitrate.com.pl/kategoria/potrawy/index4d75.html]
[fitrate.com.pl/kategoria/potrawy/index5199.html]
[fitrate.com.pl/przepisy/ryz-gotowany/feed/index.html]
[fitrate.com.pl/wp-content/cache/wpfc-minified/7j5gjeop/4omr.css]
[fitrate.com.pl/wp-content/uploads/2023/08/skladniki-transformed_Easy-Resize.com_.jpg]
[fitrate.com.pl/wp-content/uploads/elementor/css/post-285d94a.css]
[fitrate.com.pl/wp-content/cache/wpfc-minified/eh25m5b8/4omr.css]
[fitrate.com.pl/wp-content/plugins/master-addons/assets/fonts/material-icons/material-icons.eot]
[fitrate.com.pl/wp-content/plugins/master-addons/assets/fonts/material-icons/material-icons.ttf]
[fitrate.com.pl/wp-content/plugins/master-addons/assets/fonts/material-icons/material-icons.woff]
[fitrate.com.pl/wp-content/cache/wpfc-minified/1b9zmzkk/4omr.css]
[fitrate.com.pl/index62bc.html]
[fitrate.com.pl/wp-content/cache/wpfc-minified/qsmiwhja/4omr.css]
[fitrate.com.pl/wp-content/plugins/master-addons/assets/fonts/material-icons/material-icons.svg]
[fitrate.com.pl/wp-content/uploads/elementor/css/post-4303a8c.css]
[fitrate.com.pl/wp-json/wp/v2/pages/430.json]
[fitrate.com.pl/wp-json/oembed/1.0/embed4000.json]
[fitrate.com.pl/wp-json/oembed/1.0/embed5e1e]
[fitrate.com.pl/wp-content/uploads/ultimatemember/2/profile_photo-190x190d083.jpg]
[fitrate.com.pl/user/braianspoko/index.html]
[fitrate.com.pl/przepisy/kura/feed/index.html]
[fitrate.com.pl/index17d3.html]
[fitrate.com.pl/user/braianfitrate/index.html]
[fitrate.com.pl/user/braianspoko/indexa58b.html]
[fitrate.com.pl/user/braianspoko/index12c0.html]
[fitrate.com.pl/user/braianfitrate/indexa58b.html]
[fitrate.com.pl/indexa8da.html]
[fitrate.com.pl/wp-content/plugins/xpro-elementor-addons/assets/vendor/img/cbp-sprite.html]
[fitrate.com.pl/index5ff4.html]
[fitrate.com.pl/wp-content/uploads/elementor/css/post-4367a5b.css]
[fitrate.com.pl/indexc1f6.html]
[fitrate.com.pl/user/braianfitrate/index12c0.html]
[fitrate.com.pl/wp-content/plugins/master-addons/assets/fonts/material-icons/material-icons.svg]
[fitrate.com.pl/wp-content/uploads/elementor/css/post-4303a8c.css]
[fitrate.com.pl/indexbdc5.html]
[fitrate.com.pl/wp-content/themes/astra/assets/css/minified/main.min5b31.css]
[fitrate.com.pl/wp-content/themes/astra/assets/css/minified/menu-animation.min5b31.css]
[fitrate.com.pl/wp-content/plugins/header-footer-elementor/inc/widgets-css/frontendc0bd.css]
[fitrate.com.pl/wp-content/plugins/xpro-elementor-addons/assets/css/xpro-widgets8c4c.css]
[fitrate.com.pl/wp-content/plugins/xpro-elementor-addons/assets/css/xpro-responsive8c4c.css]
[fitrate.com.pl/wp-content/plugins/elementor/assets/lib/font-awesome/css/all.min52d5.css]
[fitrate.com.pl/wp-content/plugins/xpro-elementor-addons/assets/css/xpro-icons.min8a54.css]
[fitrate.com.pl/wp-content/plugins/likebtn-like-button/public/css/style0899.css]
[fitrate.com.pl/wp-content/plugins/search-filter/style68b3.css]
[fitrate.com.pl/wp-content/plugins/wp-ulike/assets/css/wp-ulike.min1849.css]
[fitrate.com.pl/wp-content/plugins/header-footer-elementor/assets/css/header-footer-elementorc0bd.css]
[fitrate.com.pl/wp-content/plugins/elementor/assets/lib/eicons/css/elementor-icons.mind54b.css]
[fitrate.com.pl/wp-content/plugins/elementor/assets/css/frontend-lite.min3cad.css]
[fitrate.com.pl/wp-content/plugins/elementor/assets/lib/swiper/v8/css/swiper.min94a4.css]
[fitrate.com.pl/wp-content/plugins/xpro-elementor-addons/inc/controls/assets/css/widgetarea-editor8c4c.css]
[fitrate.com.pl/wp-content/plugins/wp-user-frontend/assets/css/frontend-forms8603.css]
[fitrate.com.pl/wp-content/plugins/wp-user-frontend/assets/vendor/sweetalert2/dist/sweetalert2d27a.css]
[fitrate.com.pl/wp-content/plugins/wp-user-frontend/assets/css/jquery-ui-1.9.1.custom3109.css]
[fitrate.com.pl/wp-content/plugins/xpro-theme-builder/assets/css/xpro-theme-builder1efe.css]
[fitrate.com.pl/wp-content/plugins/master-addons/assets/css/master-addons-styles0899.css]
[fitrate.com.pl/wp-content/plugins/ultimate-member/assets/css/um-modal.mind2b8.css]
[fitrate.com.pl/wp-content/plugins/ultimate-member/assets/libs/jquery-ui/jquery-ui.min3f14.css]
[fitrate.com.pl/wp-content/plugins/ultimate-member/assets/libs/tipsy/tipsy.mina677.css]
[fitrate.com.pl/wp-content/plugins/ultimate-member/assets/libs/raty/um-raty.mind315.css]
[fitrate.com.pl/wp-content/plugins/ultimate-member/assets/libs/select2/select2.min4819.css]
[fitrate.com.pl/wp-content/plugins/ultimate-member/assets/css/um-fileupload.mind2b8.css]
[fitrate.com.pl/wp-content/plugins/ultimate-member/assets/libs/um-confirm/um-confirm.min5152.css]
[fitrate.com.pl/wp-content/plugins/ultimate-member/assets/libs/pickadate/default.min822f.css]
[fitrate.com.pl/wp-content/plugins/ultimate-member/assets/libs/pickadate/default.date.min822f.css]
[fitrate.com.pl/wp-content/plugins/ultimate-member/assets/libs/pickadate/default.time.min822f.css]
[fitrate.com.pl/wp-content/plugins/ultimate-member/assets/libs/legacy/fonticons/fonticons-ii.mind2b8.css]
[fitrate.com.pl/wp-content/plugins/ultimate-member/assets/libs/legacy/fonticons/fonticons-fa.mind2b8.css]
[fitrate.com.pl/wp-content/plugins/ultimate-member/assets/css/um-fontawesome.mine63c.css]
[fitrate.com.pl/wp-content/plugins/ultimate-member/assets/css/common.mind2b8.css]
[fitrate.com.pl/wp-content/plugins/ultimate-member/assets/css/um-responsive.mind2b8.css]
[fitrate.com.pl/wp-content/plugins/ultimate-member/assets/css/um-styles.mind2b8.css]
[fitrate.com.pl/wp-content/plugins/ultimate-member/assets/libs/cropper/cropper.min51a2.css]
[fitrate.com.pl/wp-content/plugins/ultimate-member/assets/css/um-profile.mind2b8.css]
[fitrate.com.pl/wp-content/plugins/ultimate-member/assets/css/um-account.mind2b8.css]
[fitrate.com.pl/wp-content/plugins/ultimate-member/assets/css/um-misc.mind2b8.css]
[fitrate.com.pl/wp-content/plugins/ultimate-member/assets/css/um-old-default.mind2b8.css]
[fitrate.com.pl/wp-content/plugins/elementor/assets/lib/font-awesome/css/fontawesome.min52d5.css]
[fitrate.com.pl/wp-content/plugins/elementor/assets/lib/font-awesome/css/brands.min52d5.css]
[fitrate.com.pl/wp-content/plugins/master-addons/assets/fonts/iconic-fonts/iconic-font.mince91.css]
[fitrate.com.pl/wp-includes/js/jquery/jquery.minf43b.js]
[fitrate.com.pl/wp-includes/js/jquery/jquery-migrate.min5589.js]
[fitrate.com.pl/wp-content/plugins/likebtn-like-button/public/js/frontend0899.js]
[fitrate.com.pl/wp-includes/js/dist/dom-ready.min5346.js]
[fitrate.com.pl/wp-includes/js/clipboard.min3c89.js]
[fitrate.com.pl/wp-includes/js/plupload/moxie.min5035.js]
[fitrate.com.pl/wp-includes/js/plupload/plupload.min6c17.js]
[fitrate.com.pl/wp-includes/js/underscore.min3ab8.js]
[fitrate.com.pl/wp-includes/js/dist/hooks.min4fdd.js]
[fitrate.com.pl/wp-includes/js/dist/i18n.minc33c.js]
[fitrate.com.pl/wp-includes/js/dist/a11y.min3f73.js]
[fitrate.com.pl/wp-includes/js/plupload/handlers.min0899.js]
[fitrate.com.pl/wp-content/plugins/ultimate-member/assets/js/um-gdpr.mind2b8.js]
[fitrate.com.pl/wp-content/uploads/ultimatemember/2/profile_photo-190x19037d8.jpg]
[fitrate.com.pl/wp-content/uploads/ultimatemember/2/profile_photo-190x1901c02.jpg]
[fitrate.com.pl/wp-content/plugins/xpro-elementor-addons/assets/vendor/css/hover.min95b8.css]
[fitrate.com.pl/user/braianspoko/indexa58b.html]
[fitrate.com.pl/user/braianspoko/index12c0.html]
[fitrate.com.pl/user/braianfitrate/indexa58b.html]
[fitrate.com.pl/user/braianfitrate/index12c0.html]
[fitrate.com.pl/user/index.html]
[fitrate.com.pl/wp-content/themes/astra/assets/css/minified/main.min5b31.css]
[fitrate.com.pl/wp-content/themes/astra/assets/css/minified/menu-animation.min5b31.css]
[fitrate.com.pl/wp-content/plugins/header-footer-elementor/inc/widgets-css/frontendc0bd.css]
[fitrate.com.pl/wp-content/plugins/xpro-elementor-addons/assets/images/team-shape-2.png]
[fitrate.com.pl/wp-content/plugins/xpro-elementor-addons/assets/css/xpro-widgets8c4c.css]
[fitrate.com.pl/wp-content/plugins/xpro-elementor-addons/assets/css/xpro-responsive8c4c.css]
[fitrate.com.pl/wp-content/plugins/elementor/assets/lib/font-awesome/webfonts/fa-brands-400d41d.eot]
[fitrate.com.pl/wp-content/plugins/elementor/assets/lib/font-awesome/webfonts/fa-brands-400.woff2]
[fitrate.com.pl/wp-content/plugins/elementor/assets/lib/font-awesome/webfonts/fa-brands-400.woff]
[fitrate.com.pl/wp-content/plugins/elementor/assets/lib/font-awesome/webfonts/fa-brands-400.ttf]
[fitrate.com.pl/wp-content/plugins/elementor/assets/lib/font-awesome/webfonts/fa-brands-400.svg]
[fitrate.com.pl/wp-content/plugins/elementor/assets/lib/font-awesome/webfonts/fa-regular-400d41d.eot]
[fitrate.com.pl/wp-content/plugins/elementor/assets/lib/font-awesome/webfonts/fa-regular-400.woff2]
[fitrate.com.pl/wp-content/plugins/elementor/assets/lib/font-awesome/webfonts/fa-regular-400.woff]
[fitrate.com.pl/wp-content/plugins/elementor/assets/lib/font-awesome/webfonts/fa-regular-400.ttf]
[fitrate.com.pl/wp-content/plugins/elementor/assets/lib/font-awesome/webfonts/fa-regular-400.svg]
[fitrate.com.pl/wp-content/plugins/elementor/assets/lib/font-awesome/webfonts/fa-solid-900d41d.eot]
[fitrate.com.pl/wp-content/plugins/elementor/assets/lib/font-awesome/webfonts/fa-solid-900.woff2]
[fitrate.com.pl/wp-content/plugins/elementor/assets/lib/font-awesome/webfonts/fa-solid-900.woff]
[fitrate.com.pl/wp-content/plugins/elementor/assets/lib/font-awesome/webfonts/fa-solid-900.ttf]
[fitrate.com.pl/wp-content/plugins/elementor/assets/lib/font-awesome/css/all.min52d5.css]
[fitrate.com.pl/wp-content/plugins/elementor/assets/lib/font-awesome/webfonts/fa-solid-900.svg]
[fitrate.com.pl/wp-content/plugins/xpro-elementor-addons/assets/fonts/xpro-icons868a.eot]
[fitrate.com.pl/wp-content/plugins/xpro-elementor-addons/assets/fonts/xpro-icons868a.ttf]
[fitrate.com.pl/wp-content/plugins/xpro-elementor-addons/assets/fonts/xpro-icons868a.woff]
[fitrate.com.pl/wp-content/plugins/xpro-elementor-addons/assets/css/xpro-icons.min8a54.css]
[fitrate.com.pl/wp-content/plugins/likebtn-like-button/public/css/style0899.css]
[fitrate.com.pl/wp-content/plugins/search-filter/style68b3.css]
[fitrate.com.pl/wp-content/plugins/xpro-elementor-addons/assets/fonts/xpro-icons868a.svg]
[fitrate.com.pl/wp-content/plugins/wp-ulike/assets/img/svg/like.svg]
[fitrate.com.pl/wp-content/plugins/wp-ulike/assets/img/svg/love.svg]
[fitrate.com.pl/wp-content/plugins/wp-ulike/assets/img/icons/twitter-heart.png]
[fitrate.com.pl/wp-content/plugins/wp-ulike/assets/img/icons/heart.png]
[fitrate.com.pl/wp-content/plugins/wp-ulike/assets/img/svg/info.svg]
[fitrate.com.pl/wp-content/plugins/wp-ulike/assets/img/svg/success.svg]
[fitrate.com.pl/wp-content/plugins/wp-ulike/assets/img/svg/error.svg]
[fitrate.com.pl/wp-content/plugins/wp-ulike/assets/img/svg/warning.svg]
[fitrate.com.pl/wp-content/plugins/wp-ulike/assets/css/wp-ulike.min1849.css]
[fitrate.com.pl/wp-content/plugins/header-footer-elementor/assets/css/header-footer-elementorc0bd.css]
[fitrate.com.pl/wp-content/plugins/elementor/assets/lib/eicons/fonts/eicons8016.woff2]
[fitrate.com.pl/wp-content/plugins/elementor/assets/lib/eicons/fonts/eicons8016.woff]
[fitrate.com.pl/wp-content/plugins/elementor/assets/lib/eicons/fonts/eicons8016.ttf]
[fitrate.com.pl/wp-content/plugins/elementor/assets/lib/eicons/css/elementor-icons.mind54b.css]
[fitrate.com.pl/wp-content/plugins/elementor/assets/css/frontend-lite.min3cad.css]
[fitrate.com.pl/wp-content/plugins/elementor/assets/lib/swiper/v8/css/swiper.min94a4.css]
[fitrate.com.pl/wp-content/plugins/xpro-elementor-addons/inc/controls/assets/css/widgetarea-editor8c4c.css]
[fitrate.com.pl/wp-content/plugins/wp-user-frontend/assets/css/frontend-form/layout18603.css]
[fitrate.com.pl/wp-content/plugins/wp-user-frontend/assets/css/frontend-forms8603.css]
[fitrate.com.pl/wp-content/plugins/wp-user-frontend/assets/vendor/sweetalert2/dist/sweetalert2d27a.css]
[fitrate.com.pl/wp-content/plugins/wp-user-frontend/assets/css/jquery-ui-1.9.1.custom3109.css]
[fitrate.com.pl/wp-content/plugins/xpro-theme-builder/assets/css/xpro-theme-builder1efe.css]
[fitrate.com.pl/wp-content/plugins/elementor/assets/lib/eicons/fonts/eicons8016.svg]
[fitrate.com.pl/wp-content/plugins/master-addons/assets/images/spinner-default.svg]
[fitrate.com.pl/wp-content/plugins/master-addons/assets/images/spinner-light.svg]
[fitrate.com.pl/wp-content/plugins/master-addons/assets/images/spinner-dark.svg]
[fitrate.com.pl/wp-content/plugins/master-addons/assets/css/master-addons-styles0899.css]
[fitrate.com.pl/wp-content/plugins/ultimate-member/assets/img/loading.gif]
[fitrate.com.pl/wp-content/plugins/ultimate-member/assets/css/um-modal.mind2b8.css]
[fitrate.com.pl/wp-content/plugins/ultimate-member/assets/libs/jquery-ui/images/ui-icons_444444_256x240.png]
[fitrate.com.pl/wp-content/plugins/ultimate-member/assets/libs/jquery-ui/images/ui-icons_555555_256x240.png]
[fitrate.com.pl/wp-content/plugins/ultimate-member/assets/libs/jquery-ui/images/ui-icons_ffffff_256x240.png]
[fitrate.com.pl/wp-content/plugins/ultimate-member/assets/libs/jquery-ui/images/ui-icons_777620_256x240.png]
[fitrate.com.pl/wp-content/plugins/ultimate-member/assets/libs/jquery-ui/images/ui-icons_cc0000_256x240.png]
[fitrate.com.pl/wp-content/plugins/ultimate-member/assets/libs/jquery-ui/images/ui-icons_777777_256x240.png]
[fitrate.com.pl/wp-content/plugins/ultimate-member/assets/libs/jquery-ui/jquery-ui.min3f14.css]
[fitrate.com.pl/wp-content/plugins/ultimate-member/assets/libs/tipsy/tipsy.mina677.css]
[fitrate.com.pl/wp-content/plugins/ultimate-member/assets/libs/raty/font/raty.eot]
[fitrate.com.pl/wp-content/plugins/ultimate-member/assets/libs/raty/font/ratyd41d.eot]
[fitrate.com.pl/wp-content/plugins/ultimate-member/assets/libs/raty/font/raty.svg]
[fitrate.com.pl/wp-content/plugins/ultimate-member/assets/libs/raty/font/raty.ttf]
[fitrate.com.pl/wp-content/plugins/ultimate-member/assets/libs/raty/font/raty.woff]
[fitrate.com.pl/wp-content/plugins/ultimate-member/assets/libs/raty/um-raty.mind315.css]
[fitrate.com.pl/wp-content/plugins/ultimate-member/assets/libs/select2/select2.min4819.css]
[fitrate.com.pl/wp-content/plugins/ultimate-member/assets/css/um-fileupload.mind2b8.css]
[fitrate.com.pl/wp-content/plugins/ultimate-member/assets/libs/um-confirm/um-confirm.min5152.css]
[fitrate.com.pl/wp-content/plugins/ultimate-member/assets/libs/pickadate/default.min822f.css]
[fitrate.com.pl/wp-content/plugins/ultimate-member/assets/libs/pickadate/default.date.min822f.css]
[fitrate.com.pl/wp-content/plugins/ultimate-member/assets/libs/pickadate/default.time.min822f.css]
[fitrate.com.pl/wp-content/plugins/ultimate-member/assets/libs/legacy/fonticons/font/ionicons28b5.woff]
[fitrate.com.pl/wp-content/plugins/ultimate-member/assets/libs/legacy/fonticons/font/ionicons28b5.ttf]
[fitrate.com.pl/wp-content/plugins/ultimate-member/assets/libs/legacy/fonticons/fonticons-ii.mind2b8.css]
[fitrate.com.pl/wp-content/plugins/ultimate-member/assets/libs/legacy/fonticons/font/ionicons28b5.svg]
[fitrate.com.pl/wp-content/plugins/ultimate-member/assets/libs/legacy/fonticons/font/fontawesome-webfont78ce.woff]
[fitrate.com.pl/wp-content/plugins/ultimate-member/assets/libs/legacy/fonticons/font/fontawesome-webfont78ce.ttf]
[fitrate.com.pl/wp-content/plugins/ultimate-member/assets/libs/legacy/fonticons/fonticons-fa.mind2b8.css]
[fitrate.com.pl/wp-content/plugins/ultimate-member/assets/libs/legacy/fonticons/font/fontawesome-webfont78ce.svg]
[fitrate.com.pl/wp-content/plugins/ultimate-member/assets/libs/fontawesome/webfonts/fa-brands-400.woff2]
[fitrate.com.pl/wp-content/plugins/ultimate-member/assets/libs/fontawesome/webfonts/fa-brands-400.ttf]
[fitrate.com.pl/wp-content/plugins/ultimate-member/assets/libs/fontawesome/webfonts/fa-regular-400.woff2]
[fitrate.com.pl/wp-content/plugins/ultimate-member/assets/libs/fontawesome/webfonts/fa-regular-400.ttf]
[fitrate.com.pl/wp-content/plugins/ultimate-member/assets/libs/fontawesome/webfonts/fa-solid-900.woff2]
[fitrate.com.pl/wp-content/plugins/ultimate-member/assets/css/um-fontawesome.mine63c.css]
[fitrate.com.pl/wp-content/plugins/ultimate-member/assets/css/common.mind2b8.css]
[fitrate.com.pl/wp-content/plugins/ultimate-member/assets/css/um-responsive.mind2b8.css]
[fitrate.com.pl/wp-content/plugins/ultimate-member/assets/css/um-styles.mind2b8.css]
[fitrate.com.pl/wp-content/plugins/ultimate-member/assets/libs/cropper/cropper.min51a2.css]
[fitrate.com.pl/wp-content/plugins/ultimate-member/assets/libs/fontawesome/webfonts/fa-solid-900.ttf]
[fitrate.com.pl/wp-content/plugins/ultimate-member/assets/img/loading-dots.gif]
[fitrate.com.pl/wp-content/plugins/ultimate-member/assets/css/um-profile.mind2b8.css]
[fitrate.com.pl/wp-content/plugins/ultimate-member/assets/css/um-account.mind2b8.css]
[fitrate.com.pl/wp-content/plugins/ultimate-member/assets/css/um-misc.mind2b8.css]
[fitrate.com.pl/wp-content/plugins/ultimate-member/assets/css/um-old-default.mind2b8.css]
[fitrate.com.pl/wp-content/plugins/elementor/assets/lib/font-awesome/css/fontawesome.min52d5.css]
[fitrate.com.pl/wp-content/plugins/elementor/assets/lib/font-awesome/css/brands.min52d5.css]
[fitrate.com.pl/wp-content/plugins/master-addons/assets/fonts/iconic-fonts/iconic-font.woff2]
[fitrate.com.pl/wp-content/plugins/master-addons/assets/fonts/iconic-fonts/iconic-font.woff]
[fitrate.com.pl/wp-content/plugins/master-addons/assets/fonts/iconic-fonts/iconic-font.ttf]
[fitrate.com.pl/wp-content/plugins/master-addons/assets/fonts/iconic-fonts/iconic-font.mince91.css]
[fitrate.com.pl/wp-content/plugins/xpro-elementor-addons/assets/vendor/css/hover.min95b8.css]
[fitrate.com.pl/wp-content/plugins/elementor/assets/lib/font-awesome/webfonts/fa-brands-400.svg]
[fitrate.com.pl/wp-content/plugins/elementor/assets/lib/font-awesome/webfonts/fa-regular-400.svg]
[fitrate.com.pl/wp-content/plugins/elementor/assets/lib/font-awesome/webfonts/fa-solid-900.svg]
[fitrate.com.pl/wp-content/plugins/xpro-elementor-addons/assets/fonts/xpro-icons868a.svg]
[fitrate.com.pl/wp-content/plugins/wp-ulike/assets/img/svg/like.svg]
[fitrate.com.pl/wp-content/plugins/wp-ulike/assets/img/svg/love.svg]
[fitrate.com.pl/wp-content/plugins/wp-ulike/assets/img/svg/info.svg]
[fitrate.com.pl/wp-content/plugins/wp-ulike/assets/img/svg/success.svg]
[fitrate.com.pl/wp-content/plugins/wp-ulike/assets/img/svg/error.svg]
[fitrate.com.pl/wp-content/plugins/wp-ulike/assets/img/svg/warning.svg]
[fitrate.com.pl/wp-content/plugins/elementor/assets/lib/eicons/fonts/eicons8016.svg]
[fitrate.com.pl/wp-content/plugins/master-addons/assets/images/spinner-default.svg]
[fitrate.com.pl/wp-content/plugins/master-addons/assets/images/spinner-light.svg]
[fitrate.com.pl/wp-content/plugins/master-addons/assets/images/spinner-dark.svg]
[fitrate.com.pl/wp-content/plugins/ultimate-member/assets/libs/raty/font/raty.svg]
[fitrate.com.pl/wp-content/plugins/ultimate-member/assets/libs/legacy/fonticons/font/ionicons28b5.svg]
[fitrate.com.pl/wp-content/plugins/ultimate-member/assets/libs/legacy/fonticons/font/fontawesome-webfont78ce.svg]
